
Discarded input sections

 .data          0x00000000        0x0 C:\Plug & Drive Studio\PNDS-2.1.7-x86\workspace\HorizonalRotation\gen\wrapper.o
 .bss           0x00000000        0x0 C:\Plug & Drive Studio\PNDS-2.1.7-x86\workspace\HorizonalRotation\gen\wrapper.o
 .text          0x00000000        0x0 C:\Windows\ccI0j4gl.o
 .data          0x00000000        0x0 C:\Windows\ccI0j4gl.o
 .bss           0x00000000        0x0 C:\Windows\ccI0j4gl.o
 .text          0x00000000        0x0 C:\Windows\ccRH1IK7.o
 .data          0x00000000        0x0 C:\Windows\ccRH1IK7.o
 .bss           0x00000000        0x0 C:\Windows\ccRH1IK7.o
 .text._Z5Resetv
                0x00000000       0x28 C:\Windows\ccRH1IK7.o
 .text._Z8SwitchOnv
                0x00000000       0x8c C:\Windows\ccRH1IK7.o
 .text._Z16RelativeMovementv
                0x00000000       0x28 C:\Windows\ccRH1IK7.o
 .text._Z4Haltb
                0x00000000       0x58 C:\Windows\ccRH1IK7.o
 .text._Z16ChangeOnSetPointb
                0x00000000       0x58 C:\Windows\ccRH1IK7.o
 .text._Z13TargetReachedv
                0x00000000       0x28 C:\Windows\ccRH1IK7.o
 .text._Z22NewSetPointAcknowledgev
                0x00000000       0x28 C:\Windows\ccRH1IK7.o
 .text._Z16SetDigitalOutputh
                0x00000000       0x3c C:\Windows\ccRH1IK7.o
 .text._Z18ClearDigitalOutputh
                0x00000000       0x40 C:\Windows\ccRH1IK7.o
 .text._Z23ModesOfOperationDisplayv
                0x00000000       0x18 C:\Windows\ccRH1IK7.o
 .text._Z11AnalogInputv
                0x00000000       0x20 C:\Windows\ccRH1IK7.o

Memory Configuration

Name             Origin             Length             Attributes
rom              0x08008200         0x00003e00         xr
input            0x20000e00         0x00000040         xrw
output           0x20000e40         0x00000040         xrw
inoutput         0x20000e80         0x00000040         xrw
ram              0x20000000         0x00000e00         xrw
*default*        0x00000000         0xffffffff

Linker script and memory map

LOAD C:\Plug & Drive Studio\PNDS-2.1.7-x86\workspace\HorizonalRotation\gen\wrapper.o
LOAD C:\Windows\ccI0j4gl.o
LOAD C:\Windows\ccRH1IK7.o

.text           0x08008200      0x210
 *(.boot)
 .boot          0x08008200       0x10 C:\Plug & Drive Studio\PNDS-2.1.7-x86\workspace\HorizonalRotation\gen\wrapper.o
                0x08008200                start
 *(.text)
 .text          0x08008210      0x200 C:\Plug & Drive Studio\PNDS-2.1.7-x86\workspace\HorizonalRotation\gen\wrapper.o
                0x08008210                yield
                0x08008218                sleep
                0x08008220                __aeabi_fmul
                0x08008230                __aeabi_fdiv
                0x08008240                __aeabi_fadd
                0x08008250                __aeabi_fsub
                0x08008260                __aeabi_f2iz
                0x0800826c                __aeabi_i2f
                0x08008278                sqrt
                0x08008284                sin
                0x08008290                cos
                0x0800829c                tan
                0x080082a8                asin
                0x080082b4                acos
                0x080082c0                atan
                0x080082cc                od_write
                0x080082e0                od_read
                0x080082f0                comm_ioctl
                0x08008308                comm_write
                0x08008314                comm_read
                0x08008324                VmmDebugOutputString
                0x0800834c                VmmDebugOutputInt
                0x08008374                VmmDebugOutputByte
                0x0800839c                VmmDebugOutputHalfWord
                0x080083c0                VmmDebugOutputWord
                0x080083e8                VmmDebugOutputFloat

.glue_7         0x08008410        0x0
 .glue_7        0x08008410        0x0 linker stubs

.glue_7t        0x08008410        0x0
 .glue_7t       0x08008410        0x0 linker stubs

.vfp11_veneer   0x08008410        0x0
 .vfp11_veneer  0x08008410        0x0 linker stubs

.v4_bx          0x08008410        0x0
 .v4_bx         0x08008410        0x0 linker stubs

.iplt           0x08008410        0x0
 .iplt          0x08008410        0x0 C:\Plug & Drive Studio\PNDS-2.1.7-x86\workspace\HorizonalRotation\gen\wrapper.o

.text._Z9Quickstopv
                0x08008410       0x40
 .text._Z9Quickstopv
                0x08008410       0x40 C:\Windows\ccRH1IK7.o
                0x08008410                _Z9Quickstopv

.text._Z8Shutdownv
                0x08008450       0x4c
 .text._Z8Shutdownv
                0x08008450       0x4c C:\Windows\ccRH1IK7.o
                0x08008450                _Z8Shutdownv

.text._Z15EnableOperationv
                0x0800849c       0xcc
 .text._Z15EnableOperationv
                0x0800849c       0xcc C:\Windows\ccRH1IK7.o
                0x0800849c                _Z15EnableOperationv

.text._Z16AbsoluteMovementv
                0x08008568       0x28
 .text._Z16AbsoluteMovementv
                0x08008568       0x28 C:\Windows\ccRH1IK7.o
                0x08008568                _Z16AbsoluteMovementv

.text._Z11NewSetPointb
                0x08008590       0x58
 .text._Z11NewSetPointb
                0x08008590       0x58 C:\Windows\ccRH1IK7.o
                0x08008590                _Z11NewSetPointb

.text._Z25ChangeSetPointImmediatelyb
                0x080085e8       0x58
 .text._Z25ChangeSetPointImmediatelyb
                0x080085e8       0x58 C:\Windows\ccRH1IK7.o
                0x080085e8                _Z25ChangeSetPointImmediatelyb

.text._Z12DigitalInputh
                0x08008640       0x38
 .text._Z12DigitalInputh
                0x08008640       0x38 C:\Windows\ccRH1IK7.o
                0x08008640                _Z12DigitalInputh

.text._Z16ModesOfOperationc
                0x08008678       0x20
 .text._Z16ModesOfOperationc
                0x08008678       0x20 C:\Windows\ccRH1IK7.o
                0x08008678                _Z16ModesOfOperationc

.text._Z3mapiii
                0x08008698       0xd4
 .text._Z3mapiii
                0x08008698       0xd4 C:\Windows\ccRH1IK7.o
                0x08008698                _Z3mapiii

.text._Z19ChangeModbusAdressei
                0x0800876c       0x88
 .text._Z19ChangeModbusAdressei
                0x0800876c       0x88 C:\Windows\ccRH1IK7.o
                0x0800876c                _Z19ChangeModbusAdressei

.text._Z14ReferenceDrivev
                0x080087f4       0x98
 .text._Z14ReferenceDrivev
                0x080087f4       0x98 C:\Windows\ccRH1IK7.o
                0x080087f4                _Z14ReferenceDrivev

.text._Z8IsPoseOKi
                0x0800888c       0x34
 .text._Z8IsPoseOKi
                0x0800888c       0x34 C:\Windows\ccRH1IK7.o
                0x0800888c                _Z8IsPoseOKi

.text._Z9AdaptPosei
                0x080088c0       0x24
 .text._Z9AdaptPosei
                0x080088c0       0x24 C:\Windows\ccRH1IK7.o
                0x080088c0                _Z9AdaptPosei

.text._Z14GoNextPositioni
                0x080088e4       0x98
 .text._Z14GoNextPositioni
                0x080088e4       0x98 C:\Windows\ccRH1IK7.o
                0x080088e4                _Z14GoNextPositioni

.text._Z9StopMotorv
                0x0800897c       0x10
 .text._Z9StopMotorv
                0x0800897c       0x10 C:\Windows\ccRH1IK7.o
                0x0800897c                _Z9StopMotorv

.text._Z4userv  0x0800898c      0x1c0
 .text._Z4userv
                0x0800898c      0x1c0 C:\Windows\ccRH1IK7.o
                0x0800898c                _Z4userv

.rel.dyn        0x08008b4c        0x0
 .rel.iplt      0x08008b4c        0x0 C:\Plug & Drive Studio\PNDS-2.1.7-x86\workspace\HorizonalRotation\gen\wrapper.o

.inputs         0x20000e00        0xc
 *(.inputs)
 .inputs        0x20000e00        0xc C:\Windows\ccI0j4gl.o
                0x20000e00                In

.outputs        0x20000e40        0xc
 *(.outputs)
 .outputs       0x20000e40        0xc C:\Windows\ccI0j4gl.o
                0x20000e40                Out

.inoutputs      0x20000e80        0x8
 *(.inoutputs)
 .inoutputs     0x20000e80        0x8 C:\Windows\ccI0j4gl.o
                0x20000e80                InOut

.data           0x20000000        0x0
 *(.data.*)
                0x00000001                ASSERT ((SIZEOF (.data) == 0x0), Error: do not init globals)

.igot.plt       0x20000000        0x0
 .igot.plt      0x20000000        0x0 C:\Plug & Drive Studio\PNDS-2.1.7-x86\workspace\HorizonalRotation\gen\wrapper.o

.rodata
 *(.data)

.bss
 *(.bss)
 *(COMMON)
OUTPUT(C:\Plug & Drive Studio\PNDS-2.1.7-x86\workspace\HorizonalRotation\bin\vmmcode.elf elf32-littlearm)

.bss.ZeroPosition
                0x20000000        0x4
 .bss.ZeroPosition
                0x20000000        0x4 C:\Windows\ccRH1IK7.o
                0x20000000                ZeroPosition

.bss.Reference  0x20000004        0x1
 .bss.Reference
                0x20000004        0x1 C:\Windows\ccRH1IK7.o
                0x20000004                Reference

.bss.haveMakeManual
                0x20000005        0x1
 .bss.haveMakeManual
                0x20000005        0x1 C:\Windows\ccRH1IK7.o
                0x20000005                haveMakeManual

.comment        0x00000000       0x81
 .comment       0x00000000       0x70 C:\Plug & Drive Studio\PNDS-2.1.7-x86\workspace\HorizonalRotation\gen\wrapper.o
                                 0x71 (size before relaxing)
 .comment       0x00000070       0x11 C:\Windows\ccI0j4gl.o
                                 0x12 (size before relaxing)
 .comment       0x00000081       0x12 C:\Windows\ccRH1IK7.o

.ARM.attributes
                0x00000000       0x33
 .ARM.attributes
                0x00000000       0x33 C:\Plug & Drive Studio\PNDS-2.1.7-x86\workspace\HorizonalRotation\gen\wrapper.o
 .ARM.attributes
                0x00000033       0x33 C:\Windows\ccI0j4gl.o
 .ARM.attributes
                0x00000066       0x33 C:\Windows\ccRH1IK7.o

.debug_info     0x00000000      0x7a7
 .debug_info    0x00000000      0x176 C:\Windows\ccI0j4gl.o
 .debug_info    0x00000176      0x631 C:\Windows\ccRH1IK7.o

.debug_abbrev   0x00000000      0x1dd
 .debug_abbrev  0x00000000       0x7e C:\Windows\ccI0j4gl.o
 .debug_abbrev  0x0000007e      0x15f C:\Windows\ccRH1IK7.o

.debug_aranges  0x00000000      0x108
 .debug_aranges
                0x00000000       0x18 C:\Windows\ccI0j4gl.o
 .debug_aranges
                0x00000018       0xf0 C:\Windows\ccRH1IK7.o

.debug_line     0x00000000      0x4a3
 .debug_line    0x00000000       0x8a C:\Windows\ccI0j4gl.o
 .debug_line    0x0000008a      0x419 C:\Windows\ccRH1IK7.o

.debug_str      0x00000000      0x684
 .debug_str     0x00000000      0x1f9 C:\Windows\ccI0j4gl.o
                                0x236 (size before relaxing)
 .debug_str     0x000001f9      0x48b C:\Windows\ccRH1IK7.o
                                0x693 (size before relaxing)

.debug_ranges   0x00000000       0xf8
 .debug_ranges  0x00000000       0xf8 C:\Windows\ccRH1IK7.o

.debug_frame    0x00000000      0x328
 .debug_frame   0x00000000      0x328 C:\Windows\ccRH1IK7.o
